// Jest Snapshot v1, https://goo.gl/fbAQLP

exports[`CityDetailsScreen (controlled store) renders places and handles interaction 1`] = `
<RCTScrollView
  className="flex-1 px-4 bg-background dark:bg-background-dark"
  contentContainerStyle={
    {
      "flexGrow": 1,
    }
  }
  testID="city-details"
>
  <View>
    <Text
      className="text-2xl font-work-medium text-text dark:text-text-dark italic mb-1"
      testID="city-native-name"
    >
      (
      Amsterdam
      )
    </Text>
    <Text
      className="text-base text-text dark:text-text-dark font-work-light mb-1"
      testID="city-currency"
    >
      Currency: 
      EUR
    </Text>
    <Text
      className="text-base text-text dark:text-text-dark font-work-light mb-4"
      testID="city-language"
    >
      Language: 
      Dutch
    </Text>
    <View
      className="mt-4"
      testID="place-list"
    >
      <Text
        className="text-xl font-work-bold text-text-header dark:text-text-header-dark mb-2"
        testID="place-list-title"
      >
        Places to visit:
      </Text>
      <View
        className="bg-card-background dark:bg-card-background-dark p-4 rounded-sm mb-3"
        testID="PlaceCard-van-gogh-museum"
      >
        <Text
          className="text-xl font-work-bold text-text-header dark:text-text-header-dark mr-2"
          testID="PlaceCard-van-gogh-museum-name"
        >
          Van Gogh Museum
        </Text>
        <Text
          className="text-xl font-work-medium text-icon dark:text-icon-dark italic"
          testID="PlaceCard-van-gogh-museum-type"
        >
          monument
        </Text>
        <Text
          className="text-xs text-icon dark:text-icon-dark mt-1"
          testID="PlaceCard-van-gogh-museum-coordinates"
        >
          Lat: 
          52.3545478
          , Lon: 
          4.8481784
        </Text>
      </View>
      <View
        className="bg-card-background dark:bg-card-background-dark p-4 rounded-sm mb-3"
        testID="PlaceCard-rijksmuseum"
      >
        <Text
          className="text-xl font-work-bold text-text-header dark:text-text-header-dark mr-2"
          testID="PlaceCard-rijksmuseum-name"
        >
          Rijksmuseum
        </Text>
        <Text
          className="text-xl font-work-medium text-icon dark:text-icon-dark italic"
          testID="PlaceCard-rijksmuseum-type"
        >
          monument
        </Text>
        <Text
          className="text-xs text-icon dark:text-icon-dark mt-1"
          testID="PlaceCard-rijksmuseum-coordinates"
        >
          Lat: 
          52.3599971
          , Lon: 
          4.8852183
        </Text>
      </View>
    </View>
  </View>
</RCTScrollView>
`;
