// Jest Snapshot v1, https://goo.gl/fbAQLP

exports[`CityDetailsScreen matches snapshot 1`] = `
<RCTScrollView
  className="flex-1 px-4 bg-background dark:bg-background-dark"
  contentContainerStyle={
    {
      "flexGrow": 1,
    }
  }
  testID="city-details"
>
  <View>
    <Text
      className="text-2xl font-work-medium text-text dark:text-text-dark italic mb-1"
      testID="city-native-name"
    >
      (
      Paris
      )
    </Text>
    <Text
      className="text-xl text-text dark:text-text-dark font-work-light mb-1"
      testID="city-currency"
    >
      Currency: 
      EUR
    </Text>
    <Text
      className="text-xl text-text dark:text-text-dark font-work-light mb-4"
      testID="city-language"
    >
      Language: 
      fr
    </Text>
    <Text
      testID="retry"
    >
      No places available
    </Text>
  </View>
</RCTScrollView>
`;
